[INFO] Scanning for projects...
[INFO] 
[INFO] --------------------< com.example:vulnerable-demo >---------------------
[INFO] Building Vulnerable Spring Boot Demo 1.0.0
[INFO]   from pom.xml
[INFO] --------------------------------[ jar ]---------------------------------
[WARNING] The POM for org.springframework:spring-webmvc:jar:5.3.42 is missing, no dependency information available
[INFO] ------------------------------------------------------------------------
[INFO] BUILD FAILURE
[INFO] ------------------------------------------------------------------------
[INFO] Total time:  0.608 s
[INFO] Finished at: 2026-05-11T22:56:14Z
[INFO] ------------------------------------------------------------------------
[ERROR] Failed to execute goal on project vulnerable-demo: Could not resolve dependencies for project com.example:vulnerable-demo:jar:1.0.0
[ERROR] dependency: org.springframework:spring-webmvc:jar:5.3.42 (compile)
[ERROR] 	org.springframework:spring-webmvc:jar:5.3.42 was not found in https://repo.maven.apache.org/maven2 during a previous attempt. This failure was cached in the local repository and resolution is not reattempted until the update interval of central has elapsed or updates are forced
[ERROR] 
[ERROR] -> [Help 1]
[ERROR] 
[ERROR] To see the full stack trace of the errors, re-run Maven with the -e switch.
[ERROR] Re-run Maven using the -X switch to enable full debug logging.
[ERROR] 
[ERROR] For more information about the errors and possible solutions, please read the following articles:
[ERROR] [Help 1] http://cwiki.apache.org/confluence/display/MAVEN/DependencyResolutionException
